// Jest Snapshot v1, https://goo.gl/fbAQLP

exports[`Routes should render correctly 1`] = `
ShallowWrapper {
  "length": 1,
  Symbol(enzyme.__root__): [Circular],
  Symbol(enzyme.__unrendered__): <NotFound />,
  Symbol(enzyme.__renderer__): Object {
    "batchedUpdates": [Function],
    "getNode": [Function],
    "render": [Function],
    "simulateEvent": [Function],
    "unmount": [Function],
  },
  Symbol(enzyme.__node__): Object {
    "instance": null,
    "key": undefined,
    "nodeType": "host",
    "props": Object {
      "children": Array [
        <Connect(Header) />,
        <div
          className="cont"
        >
          <h1
            className="notFoundText"
            style={
              Object {
                "paddingTop": "50px",
                "textAlign": "center",
              }
            }
          >
            Not found
          </h1>
        </div>,
        <Footer />,
      ],
      "className": "notFoundDiv main",
    },
    "ref": null,
    "rendered": Array [
      Object {
        "instance": null,
        "key": undefined,
        "nodeType": "class",
        "props": Object {},
        "ref": null,
        "rendered": null,
        "type": [Function],
      },
      Object {
        "instance": null,
        "key": undefined,
        "nodeType": "host",
        "props": Object {
          "children": <h1
            className="notFoundText"
            style={
              Object {
                "paddingTop": "50px",
                "textAlign": "center",
              }
            }
          >
            Not found
          </h1>,
          "className": "cont",
        },
        "ref": null,
        "rendered": Object {
          "instance": null,
          "key": undefined,
          "nodeType": "host",
          "props": Object {
            "children": "Not found",
            "className": "notFoundText",
            "style": Object {
              "paddingTop": "50px",
              "textAlign": "center",
            },
          },
          "ref": null,
          "rendered": "Not found",
          "type": "h1",
        },
        "type": "div",
      },
      Object {
        "instance": null,
        "key": undefined,
        "nodeType": "function",
        "props": Object {},
        "ref": null,
        "rendered": null,
        "type": [Function],
      },
    ],
    "type": "div",
  },
  Symbol(enzyme.__nodes__): Array [
    Object {
      "instance": null,
      "key": undefined,
      "nodeType": "host",
      "props": Object {
        "children": Array [
          <Connect(Header) />,
          <div
            className="cont"
          >
            <h1
              className="notFoundText"
              style={
                Object {
                  "paddingTop": "50px",
                  "textAlign": "center",
                }
              }
            >
              Not found
            </h1>
          </div>,
          <Footer />,
        ],
        "className": "notFoundDiv main",
      },
      "ref": null,
      "rendered": Array [
        Object {
          "instance": null,
          "key": undefined,
          "nodeType": "class",
          "props": Object {},
          "ref": null,
          "rendered": null,
          "type": [Function],
        },
        Object {
          "instance": null,
          "key": undefined,
          "nodeType": "host",
          "props": Object {
            "children": <h1
              className="notFoundText"
              style={
                Object {
                  "paddingTop": "50px",
                  "textAlign": "center",
                }
              }
            >
              Not found
            </h1>,
            "className": "cont",
          },
          "ref": null,
          "rendered": Object {
            "instance": null,
            "key": undefined,
            "nodeType": "host",
            "props": Object {
              "children": "Not found",
              "className": "notFoundText",
              "style": Object {
                "paddingTop": "50px",
                "textAlign": "center",
              },
            },
            "ref": null,
            "rendered": "Not found",
            "type": "h1",
          },
          "type": "div",
        },
        Object {
          "instance": null,
          "key": undefined,
          "nodeType": "function",
          "props": Object {},
          "ref": null,
          "rendered": null,
          "type": [Function],
        },
      ],
      "type": "div",
    },
  ],
  Symbol(enzyme.__options__): Object {
    "adapter": ReactSixteenAdapter {
      "options": Object {
        "enableComponentDidUpdateOnSetState": true,
      },
    },
  },
}
`;
