// Jest Snapshot v1, https://goo.gl/fbAQLP

exports[`Routes should render correctly 1`] = `
ShallowWrapper {
  "length": 1,
  Symbol(enzyme.__root__): [Circular],
  Symbol(enzyme.__unrendered__): <Pagination />,
  Symbol(enzyme.__renderer__): Object {
    "batchedUpdates": [Function],
    "getNode": [Function],
    "render": [Function],
    "simulateEvent": [Function],
    "unmount": [Function],
  },
  Symbol(enzyme.__node__): Object {
    "instance": null,
    "key": undefined,
    "nodeType": "host",
    "props": Object {
      "children": <PaginationBoxView
        activeClassName="active"
        breakClassName="break-me"
        breakLabel={
          <Link
            replace={false}
            to="!#"
          >
            ...
          </Link>
        }
        containerClassName="pagination"
        disableInitialCallback={false}
        disabledClassName="disabled"
        marginPagesDisplayed={5}
        nextClassName="next"
        nextLabel="next"
        onPageChange={[Function]}
        pageCount={1}
        pageRangeDisplayed={5}
        previousClassName="previous"
        previousLabel="previous"
        subContainerClassName="pages pagination"
      />,
      "className": "pagination",
    },
    "ref": null,
    "rendered": Object {
      "instance": null,
      "key": undefined,
      "nodeType": "class",
      "props": Object {
        "activeClassName": "active",
        "breakClassName": "break-me",
        "breakLabel": <Link
          replace={false}
          to="!#"
        >
          ...
        </Link>,
        "containerClassName": "pagination",
        "disableInitialCallback": false,
        "disabledClassName": "disabled",
        "marginPagesDisplayed": 5,
        "nextClassName": "next",
        "nextLabel": "next",
        "onPageChange": [Function],
        "pageCount": 1,
        "pageRangeDisplayed": 5,
        "previousClassName": "previous",
        "previousLabel": "previous",
        "subContainerClassName": "pages pagination",
      },
      "ref": null,
      "rendered": null,
      "type": [Function],
    },
    "type": "div",
  },
  Symbol(enzyme.__nodes__): Array [
    Object {
      "instance": null,
      "key": undefined,
      "nodeType": "host",
      "props": Object {
        "children": <PaginationBoxView
          activeClassName="active"
          breakClassName="break-me"
          breakLabel={
            <Link
              replace={false}
              to="!#"
            >
              ...
            </Link>
          }
          containerClassName="pagination"
          disableInitialCallback={false}
          disabledClassName="disabled"
          marginPagesDisplayed={5}
          nextClassName="next"
          nextLabel="next"
          onPageChange={[Function]}
          pageCount={1}
          pageRangeDisplayed={5}
          previousClassName="previous"
          previousLabel="previous"
          subContainerClassName="pages pagination"
        />,
        "className": "pagination",
      },
      "ref": null,
      "rendered": Object {
        "instance": null,
        "key": undefined,
        "nodeType": "class",
        "props": Object {
          "activeClassName": "active",
          "breakClassName": "break-me",
          "breakLabel": <Link
            replace={false}
            to="!#"
          >
            ...
          </Link>,
          "containerClassName": "pagination",
          "disableInitialCallback": false,
          "disabledClassName": "disabled",
          "marginPagesDisplayed": 5,
          "nextClassName": "next",
          "nextLabel": "next",
          "onPageChange": [Function],
          "pageCount": 1,
          "pageRangeDisplayed": 5,
          "previousClassName": "previous",
          "previousLabel": "previous",
          "subContainerClassName": "pages pagination",
        },
        "ref": null,
        "rendered": null,
        "type": [Function],
      },
      "type": "div",
    },
  ],
  Symbol(enzyme.__options__): Object {
    "adapter": ReactSixteenAdapter {
      "options": Object {
        "enableComponentDidUpdateOnSetState": true,
      },
    },
  },
}
`;

exports[`Routes should render correctly 2`] = `
ShallowWrapper {
  "length": 1,
  Symbol(enzyme.__root__): [Circular],
  Symbol(enzyme.__unrendered__): <Connect(Pagination)
    store={
      Object {
        "clearActions": [Function],
        "dispatch": [Function],
        "getActions": [Function],
        "getState": [Function],
        "replaceReducer": [Function],
        "subscribe": [Function],
      }
    }
  />,
  Symbol(enzyme.__renderer__): Object {
    "batchedUpdates": [Function],
    "getNode": [Function],
    "render": [Function],
    "simulateEvent": [Function],
    "unmount": [Function],
  },
  Symbol(enzyme.__node__): Object {
    "instance": null,
    "key": undefined,
    "nodeType": "class",
    "props": Object {
      "getAllRecipes": [Function],
      "getFavourites": [Function],
      "getMyRecipes": [Function],
      "pagination": undefined,
      "store": Object {
        "clearActions": [Function],
        "dispatch": [Function],
        "getActions": [Function],
        "getState": [Function],
        "replaceReducer": [Function],
        "subscribe": [Function],
      },
      "storeSubscription": Subscription {
        "listeners": Object {
          "clear": [Function],
          "get": [Function],
          "notify": [Function],
          "subscribe": [Function],
        },
        "onStateChange": [Function],
        "parentSub": undefined,
        "store": Object {
          "clearActions": [Function],
          "dispatch": [Function],
          "getActions": [Function],
          "getState": [Function],
          "replaceReducer": [Function],
          "subscribe": [Function],
        },
        "unsubscribe": [Function],
      },
      "user": Object {},
    },
    "ref": null,
    "rendered": null,
    "type": [Function],
  },
  Symbol(enzyme.__nodes__): Array [
    Object {
      "instance": null,
      "key": undefined,
      "nodeType": "class",
      "props": Object {
        "getAllRecipes": [Function],
        "getFavourites": [Function],
        "getMyRecipes": [Function],
        "pagination": undefined,
        "store": Object {
          "clearActions": [Function],
          "dispatch": [Function],
          "getActions": [Function],
          "getState": [Function],
          "replaceReducer": [Function],
          "subscribe": [Function],
        },
        "storeSubscription": Subscription {
          "listeners": Object {
            "clear": [Function],
            "get": [Function],
            "notify": [Function],
            "subscribe": [Function],
          },
          "onStateChange": [Function],
          "parentSub": undefined,
          "store": Object {
            "clearActions": [Function],
            "dispatch": [Function],
            "getActions": [Function],
            "getState": [Function],
            "replaceReducer": [Function],
            "subscribe": [Function],
          },
          "unsubscribe": [Function],
        },
        "user": Object {},
      },
      "ref": null,
      "rendered": null,
      "type": [Function],
    },
  ],
  Symbol(enzyme.__options__): Object {
    "adapter": ReactSixteenAdapter {
      "options": Object {
        "enableComponentDidUpdateOnSetState": true,
      },
    },
  },
}
`;
